2026-05-21T04:16:10.335792Z  WARN wgpu_hal::vulkan::instance: GENERAL [Loader Message (0x0)]
	windows_read_data_files_in_registry: Registry lookup failed to get layer manifest files.
2026-05-21T04:16:10.335986Z  WARN wgpu_hal::vulkan::instance: 	objects: (type: INSTANCE, hndl: 0x1d262c0d150, name: ?)
2026-05-21T04:16:10.563682Z  INFO wgpu_hal::vulkan::adapter: Found 3 cooperative matrix configurations supported by wgpu
2026-05-21T04:16:10.728126Z  INFO wgpu_hal::vulkan::adapter: Found 3 cooperative matrix configurations supported by wgpu
2026-05-21T04:16:10.731649Z  INFO egui_wgpu: There are 4 available wgpu adapters: {backend: Vulkan, device_type: IntegratedGpu, name: "AMD Radeon(TM) Graphics", driver: "AMD proprietary driver", driver_info: "25.10.30.18 (AMD proprietary shader compiler)", vendor: AMD (0x1002), device: 0x1681, subgroup_size: 32..=64, transient_saves_memory: false}, {backend: Dx12, device_type: IntegratedGpu, name: "AMD Radeon(TM) Graphics", driver: "32.0.21030.18001", vendor: AMD (0x1002), device: 0x1681, pci_bus_id: "0000:04:00.0", subgroup_size: 32..=64, transient_saves_memory: false}, {backend: Dx12, device_type: Cpu, name: "Microsoft Basic Render Driver", driver: "10.0.26100.8328", vendor: Unknown (0x1414), device: 0x8C, subgroup_size: 4..=4, transient_saves_memory: false}, {backend: Gl, device_type: Other, name: "AMD Radeon(TM) Graphics", driver_info: "4.6.0 Compatibility Profile Context 25.10.30.18.260111", subgroup_size: 4..=128, transient_saves_memory: false}
2026-05-21T04:16:18.453035Z  INFO osechi::ui::inputs: Rescan Camera Devices
2026-05-21T04:16:19.637726Z  INFO osechi::ui::inputs: Input 1 changed: None -> Integrated Camera
2026-05-21T04:22:07.840866Z  WARN wgpu_hal::vulkan::instance: GENERAL [Loader Message (0x0)]
	windows_read_data_files_in_registry: Registry lookup failed to get layer manifest files.
2026-05-21T04:22:07.841073Z  WARN wgpu_hal::vulkan::instance: 	objects: (type: INSTANCE, hndl: 0x1fd4ff16bc0, name: ?)
2026-05-21T04:22:08.077966Z  INFO wgpu_hal::vulkan::adapter: Found 3 cooperative matrix configurations supported by wgpu
2026-05-21T04:22:08.236059Z  INFO wgpu_hal::vulkan::adapter: Found 3 cooperative matrix configurations supported by wgpu
2026-05-21T04:22:08.239329Z  INFO egui_wgpu: There are 4 available wgpu adapters: {backend: Vulkan, device_type: IntegratedGpu, name: "AMD Radeon(TM) Graphics", driver: "AMD proprietary driver", driver_info: "25.10.30.18 (AMD proprietary shader compiler)", vendor: AMD (0x1002), device: 0x1681, subgroup_size: 32..=64, transient_saves_memory: false}, {backend: Dx12, device_type: IntegratedGpu, name: "AMD Radeon(TM) Graphics", driver: "32.0.21030.18001", vendor: AMD (0x1002), device: 0x1681, pci_bus_id: "0000:04:00.0", subgroup_size: 32..=64, transient_saves_memory: false}, {backend: Dx12, device_type: Cpu, name: "Microsoft Basic Render Driver", driver: "10.0.26100.8328", vendor: Unknown (0x1414), device: 0x8C, subgroup_size: 4..=4, transient_saves_memory: false}, {backend: Gl, device_type: Other, name: "AMD Radeon(TM) Graphics", driver_info: "4.6.0 Compatibility Profile Context 25.10.30.18.260111", subgroup_size: 4..=128, transient_saves_memory: false}
2026-05-21T04:22:19.475005Z  WARN wgpu_hal::vulkan::instance: GENERAL [Loader Message (0x0)]
	windows_read_data_files_in_registry: Registry lookup failed to get layer manifest files.
2026-05-21T04:22:19.475224Z  WARN wgpu_hal::vulkan::instance: 	objects: (type: INSTANCE, hndl: 0x2672ffa7b10, name: ?)
2026-05-21T04:22:19.689542Z  INFO wgpu_hal::vulkan::adapter: Found 3 cooperative matrix configurations supported by wgpu
2026-05-21T04:22:19.852534Z  INFO wgpu_hal::vulkan::adapter: Found 3 cooperative matrix configurations supported by wgpu
2026-05-21T04:22:19.855669Z  INFO egui_wgpu: There are 4 available wgpu adapters: {backend: Vulkan, device_type: IntegratedGpu, name: "AMD Radeon(TM) Graphics", driver: "AMD proprietary driver", driver_info: "25.10.30.18 (AMD proprietary shader compiler)", vendor: AMD (0x1002), device: 0x1681, subgroup_size: 32..=64, transient_saves_memory: false}, {backend: Dx12, device_type: IntegratedGpu, name: "AMD Radeon(TM) Graphics", driver: "32.0.21030.18001", vendor: AMD (0x1002), device: 0x1681, pci_bus_id: "0000:04:00.0", subgroup_size: 32..=64, transient_saves_memory: false}, {backend: Dx12, device_type: Cpu, name: "Microsoft Basic Render Driver", driver: "10.0.26100.8328", vendor: Unknown (0x1414), device: 0x8C, subgroup_size: 4..=4, transient_saves_memory: false}, {backend: Gl, device_type: Other, name: "AMD Radeon(TM) Graphics", driver_info: "4.6.0 Compatibility Profile Context 25.10.30.18.260111", subgroup_size: 4..=128, transient_saves_memory: false}
